2025-07-14 09:28:42,791 - dist_clip_voc.py - INFO: 
args: Namespace(config='E:/ryl/WeCLIP+3-coco/configs/voc_attn_reg.yaml', seg_detach=False, work_dir=None, radius=8)
2025-07-14 09:28:42,791 - dist_clip_voc.py - INFO: 
configs: {'dataset': {'root_dir': 'D:\\bxm\\VOCdevkit\\VOC2012', 'name_list_dir': 'E:\\ryl\\WeCLIP+3-coco\\datasets\\voc', 'num_classes': 21, 'crop_size': 320, 'resize_range': [512, 2048], 'rescale_range': [0.5, 2.0], 'ignore_index': 255}, 'work_dir': {'dir': 'work_dir_voc', 'ckpt_dir': 'work_dir_voc\\checkpoints\\2025-07-14-09-28', 'pred_dir': 'work_dir_voc\\predictions', 'segs_dir': 'segs', 'tb_logger_dir': 'work_dir_voc\\tb_logger\\2025-07-14-09-28'}, 'train': {'split': 'train_aug', 'samples_per_gpu': 4, 'max_iters': 30000, 'cam_iters': 2000, 'eval_iters': 2000, 'log_iters': 200}, 'val': {'split': 'train'}, 'optimizer': {'type': 'AdamW', 'learning_rate': 2e-05, 'betas': [0.9, 0.999], 'weight_decay': 0.01}, 'scheduler': {'warmup_iter': 50, 'warmup_ratio': 1e-06, 'power': 1.0}, 'clip_init': {'clip_pretrain_path': 'E:\\ryl\\WeCLIP+3-coco\\pretrained\\ViT-B-16.pt', 'embedding_dim': 256, 'in_channels': [768, 768, 768, 768], 'clip_flag': 16, 'resize_long': 512}, 'dino_init': {'dino_model': 'dinov2_vitl14_reg', 'dino_fts_fuse_dim': 1024, 'decoder_layer': 5}}
2025-07-14 09:29:11,852 - vision_transformer.py - INFO: using MLP layer as FFN
2025-07-14 09:29:15,089 - dist_clip_voc.py - INFO: 
Network config: 
WeCLIP_Plus(
  (encoder): CLIP(
    (visual): VisionTransformer(
      (conv1): Conv2d(3, 768, kernel_size=(16, 16), stride=(16, 16), bias=False)
      (ln_pre): LayerNorm((768,), eps=1e-05, elementwise_affine=True)
      (transformer): Transformer(
        (resblocks): Sequential(
          (0): ResidualAttentionBlock(
            (attn): MultiheadAttention(
              (out_proj): NonDynamicallyQuantizableLinear(in_features=768, out_features=768, bias=True)
            )
            (ln_1): LayerNorm((768,), eps=1e-05, elementwise_affine=True)
            (mlp): Sequential(
              (c_fc): Linear(in_features=768, out_features=3072, bias=True)
              (gelu): QuickGELU()
              (c_proj): Linear(in_features=3072, out_features=768, bias=True)
            )
            (ln_2): LayerNorm((768,), eps=1e-05, elementwise_affine=True)
          )
          (1): ResidualAttentionBlock(
            (attn): MultiheadAttention(
              (out_proj): NonDynamicallyQuantizableLinear(in_features=768, out_features=768, bias=True)
            )
            (ln_1): LayerNorm((768,), eps=1e-05, elementwise_affine=True)
            (mlp): Sequential(
              (c_fc): Linear(in_features=768, out_features=3072, bias=True)
              (gelu): QuickGELU()
              (c_proj): Linear(in_features=3072, out_features=768, bias=True)
            )
            (ln_2): LayerNorm((768,), eps=1e-05, elementwise_affine=True)
          )
          (2): ResidualAttentionBlock(
            (attn): MultiheadAttention(
              (out_proj): NonDynamicallyQuantizableLinear(in_features=768, out_features=768, bias=True)
            )
            (ln_1): LayerNorm((768,), eps=1e-05, elementwise_affine=True)
            (mlp): Sequential(
              (c_fc): Linear(in_features=768, out_features=3072, bias=True)
              (gelu): QuickGELU()
              (c_proj): Linear(in_features=3072, out_features=768, bias=True)
            )
            (ln_2): LayerNorm((768,), eps=1e-05, elementwise_affine=True)
          )
          (3): ResidualAttentionBlock(
            (attn): MultiheadAttention(
              (out_proj): NonDynamicallyQuantizableLinear(in_features=768, out_features=768, bias=True)
            )
            (ln_1): LayerNorm((768,), eps=1e-05, elementwise_affine=True)
            (mlp): Sequential(
              (c_fc): Linear(in_features=768, out_features=3072, bias=True)
              (gelu): QuickGELU()
              (c_proj): Linear(in_features=3072, out_features=768, bias=True)
            )
            (ln_2): LayerNorm((768,), eps=1e-05, elementwise_affine=True)
          )
          (4): ResidualAttentionBlock(
            (attn): MultiheadAttention(
              (out_proj): NonDynamicallyQuantizableLinear(in_features=768, out_features=768, bias=True)
            )
            (ln_1): LayerNorm((768,), eps=1e-05, elementwise_affine=True)
            (mlp): Sequential(
              (c_fc): Linear(in_features=768, out_features=3072, bias=True)
              (gelu): QuickGELU()
              (c_proj): Linear(in_features=3072, out_features=768, bias=True)
            )
            (ln_2): LayerNorm((768,), eps=1e-05, elementwise_affine=True)
          )
          (5): ResidualAttentionBlock(
            (attn): MultiheadAttention(
              (out_proj): NonDynamicallyQuantizableLinear(in_features=768, out_features=768, bias=True)
            )
            (ln_1): LayerNorm((768,), eps=1e-05, elementwise_affine=True)
            (mlp): Sequential(
              (c_fc): Linear(in_features=768, out_features=3072, bias=True)
              (gelu): QuickGELU()
              (c_proj): Linear(in_features=3072, out_features=768, bias=True)
            )
            (ln_2): LayerNorm((768,), eps=1e-05, elementwise_affine=True)
          )
          (6): ResidualAttentionBlock(
            (attn): MultiheadAttention(
              (out_proj): NonDynamicallyQuantizableLinear(in_features=768, out_features=768, bias=True)
            )
            (ln_1): LayerNorm((768,), eps=1e-05, elementwise_affine=True)
            (mlp): Sequential(
              (c_fc): Linear(in_features=768, out_features=3072, bias=True)
              (gelu): QuickGELU()
              (c_proj): Linear(in_features=3072, out_features=768, bias=True)
            )
            (ln_2): LayerNorm((768,), eps=1e-05, elementwise_affine=True)
          )
          (7): ResidualAttentionBlock(
            (attn): MultiheadAttention(
              (out_proj): NonDynamicallyQuantizableLinear(in_features=768, out_features=768, bias=True)
            )
            (ln_1): LayerNorm((768,), eps=1e-05, elementwise_affine=True)
            (mlp): Sequential(
              (c_fc): Linear(in_features=768, out_features=3072, bias=True)
              (gelu): QuickGELU()
              (c_proj): Linear(in_features=3072, out_features=768, bias=True)
            )
            (ln_2): LayerNorm((768,), eps=1e-05, elementwise_affine=True)
          )
          (8): ResidualAttentionBlock(
            (attn): MultiheadAttention(
              (out_proj): NonDynamicallyQuantizableLinear(in_features=768, out_features=768, bias=True)
            )
            (ln_1): LayerNorm((768,), eps=1e-05, elementwise_affine=True)
            (mlp): Sequential(
              (c_fc): Linear(in_features=768, out_features=3072, bias=True)
              (gelu): QuickGELU()
              (c_proj): Linear(in_features=3072, out_features=768, bias=True)
            )
            (ln_2): LayerNorm((768,), eps=1e-05, elementwise_affine=True)
          )
          (9): ResidualAttentionBlock(
            (attn): MultiheadAttention(
              (out_proj): NonDynamicallyQuantizableLinear(in_features=768, out_features=768, bias=True)
            )
            (ln_1): LayerNorm((768,), eps=1e-05, elementwise_affine=True)
            (mlp): Sequential(
              (c_fc): Linear(in_features=768, out_features=3072, bias=True)
              (gelu): QuickGELU()
              (c_proj): Linear(in_features=3072, out_features=768, bias=True)
            )
            (ln_2): LayerNorm((768,), eps=1e-05, elementwise_affine=True)
          )
          (10): ResidualAttentionBlock(
            (attn): MultiheadAttention(
              (out_proj): NonDynamicallyQuantizableLinear(in_features=768, out_features=768, bias=True)
            )
            (ln_1): LayerNorm((768,), eps=1e-05, elementwise_affine=True)
            (mlp): Sequential(
              (c_fc): Linear(in_features=768, out_features=3072, bias=True)
              (gelu): QuickGELU()
              (c_proj): Linear(in_features=3072, out_features=768, bias=True)
            )
            (ln_2): LayerNorm((768,), eps=1e-05, elementwise_affine=True)
          )
          (11): ResidualAttentionBlock(
            (attn): MultiheadAttention(
              (out_proj): NonDynamicallyQuantizableLinear(in_features=768, out_features=768, bias=True)
            )
            (ln_1): LayerNorm((768,), eps=1e-05, elementwise_affine=True)
            (mlp): Sequential(
              (c_fc): Linear(in_features=768, out_features=3072, bias=True)
              (gelu): QuickGELU()
              (c_proj): Linear(in_features=3072, out_features=768, bias=True)
            )
            (ln_2): LayerNorm((768,), eps=1e-05, elementwise_affine=True)
          )
        )
      )
      (ln_post): LayerNorm((768,), eps=1e-05, elementwise_affine=True)
    )
    (transformer): Transformer(
      (resblocks): Sequential(
        (0): ResidualAttentionBlock(
          (attn): MultiheadAttention(
            (out_proj): NonDynamicallyQuantizableLinear(in_features=512, out_features=512, bias=True)
          )
          (ln_1): LayerNorm((512,), eps=1e-05, elementwise_affine=True)
          (mlp): Sequential(
            (c_fc): Linear(in_features=512, out_features=2048, bias=True)
            (gelu): QuickGELU()
            (c_proj): Linear(in_features=2048, out_features=512, bias=True)
          )
          (ln_2): LayerNorm((512,), eps=1e-05, elementwise_affine=True)
        )
        (1): ResidualAttentionBlock(
          (attn): MultiheadAttention(
            (out_proj): NonDynamicallyQuantizableLinear(in_features=512, out_features=512, bias=True)
          )
          (ln_1): LayerNorm((512,), eps=1e-05, elementwise_affine=True)
          (mlp): Sequential(
            (c_fc): Linear(in_features=512, out_features=2048, bias=True)
            (gelu): QuickGELU()
            (c_proj): Linear(in_features=2048, out_features=512, bias=True)
          )
          (ln_2): LayerNorm((512,), eps=1e-05, elementwise_affine=True)
        )
        (2): ResidualAttentionBlock(
          (attn): MultiheadAttention(
            (out_proj): NonDynamicallyQuantizableLinear(in_features=512, out_features=512, bias=True)
          )
          (ln_1): LayerNorm((512,), eps=1e-05, elementwise_affine=True)
          (mlp): Sequential(
            (c_fc): Linear(in_features=512, out_features=2048, bias=True)
            (gelu): QuickGELU()
            (c_proj): Linear(in_features=2048, out_features=512, bias=True)
          )
          (ln_2): LayerNorm((512,), eps=1e-05, elementwise_affine=True)
        )
        (3): ResidualAttentionBlock(
          (attn): MultiheadAttention(
            (out_proj): NonDynamicallyQuantizableLinear(in_features=512, out_features=512, bias=True)
          )
          (ln_1): LayerNorm((512,), eps=1e-05, elementwise_affine=True)
          (mlp): Sequential(
            (c_fc): Linear(in_features=512, out_features=2048, bias=True)
            (gelu): QuickGELU()
            (c_proj): Linear(in_features=2048, out_features=512, bias=True)
          )
          (ln_2): LayerNorm((512,), eps=1e-05, elementwise_affine=True)
        )
        (4): ResidualAttentionBlock(
          (attn): MultiheadAttention(
            (out_proj): NonDynamicallyQuantizableLinear(in_features=512, out_features=512, bias=True)
          )
          (ln_1): LayerNorm((512,), eps=1e-05, elementwise_affine=True)
          (mlp): Sequential(
            (c_fc): Linear(in_features=512, out_features=2048, bias=True)
            (gelu): QuickGELU()
            (c_proj): Linear(in_features=2048, out_features=512, bias=True)
          )
          (ln_2): LayerNorm((512,), eps=1e-05, elementwise_affine=True)
        )
        (5): ResidualAttentionBlock(
          (attn): MultiheadAttention(
            (out_proj): NonDynamicallyQuantizableLinear(in_features=512, out_features=512, bias=True)
          )
          (ln_1): LayerNorm((512,), eps=1e-05, elementwise_affine=True)
          (mlp): Sequential(
            (c_fc): Linear(in_features=512, out_features=2048, bias=True)
            (gelu): QuickGELU()
            (c_proj): Linear(in_features=2048, out_features=512, bias=True)
          )
          (ln_2): LayerNorm((512,), eps=1e-05, elementwise_affine=True)
        )
        (6): ResidualAttentionBlock(
          (attn): MultiheadAttention(
            (out_proj): NonDynamicallyQuantizableLinear(in_features=512, out_features=512, bias=True)
          )
          (ln_1): LayerNorm((512,), eps=1e-05, elementwise_affine=True)
          (mlp): Sequential(
            (c_fc): Linear(in_features=512, out_features=2048, bias=True)
            (gelu): QuickGELU()
            (c_proj): Linear(in_features=2048, out_features=512, bias=True)
          )
          (ln_2): LayerNorm((512,), eps=1e-05, elementwise_affine=True)
        )
        (7): ResidualAttentionBlock(
          (attn): MultiheadAttention(
            (out_proj): NonDynamicallyQuantizableLinear(in_features=512, out_features=512, bias=True)
          )
          (ln_1): LayerNorm((512,), eps=1e-05, elementwise_affine=True)
          (mlp): Sequential(
            (c_fc): Linear(in_features=512, out_features=2048, bias=True)
            (gelu): QuickGELU()
            (c_proj): Linear(in_features=2048, out_features=512, bias=True)
          )
          (ln_2): LayerNorm((512,), eps=1e-05, elementwise_affine=True)
        )
        (8): ResidualAttentionBlock(
          (attn): MultiheadAttention(
            (out_proj): NonDynamicallyQuantizableLinear(in_features=512, out_features=512, bias=True)
          )
          (ln_1): LayerNorm((512,), eps=1e-05, elementwise_affine=True)
          (mlp): Sequential(
            (c_fc): Linear(in_features=512, out_features=2048, bias=True)
            (gelu): QuickGELU()
            (c_proj): Linear(in_features=2048, out_features=512, bias=True)
          )
          (ln_2): LayerNorm((512,), eps=1e-05, elementwise_affine=True)
        )
        (9): ResidualAttentionBlock(
          (attn): MultiheadAttention(
            (out_proj): NonDynamicallyQuantizableLinear(in_features=512, out_features=512, bias=True)
          )
          (ln_1): LayerNorm((512,), eps=1e-05, elementwise_affine=True)
          (mlp): Sequential(
            (c_fc): Linear(in_features=512, out_features=2048, bias=True)
            (gelu): QuickGELU()
            (c_proj): Linear(in_features=2048, out_features=512, bias=True)
          )
          (ln_2): LayerNorm((512,), eps=1e-05, elementwise_affine=True)
        )
        (10): ResidualAttentionBlock(
          (attn): MultiheadAttention(
            (out_proj): NonDynamicallyQuantizableLinear(in_features=512, out_features=512, bias=True)
          )
          (ln_1): LayerNorm((512,), eps=1e-05, elementwise_affine=True)
          (mlp): Sequential(
            (c_fc): Linear(in_features=512, out_features=2048, bias=True)
            (gelu): QuickGELU()
            (c_proj): Linear(in_features=2048, out_features=512, bias=True)
          )
          (ln_2): LayerNorm((512,), eps=1e-05, elementwise_affine=True)
        )
        (11): ResidualAttentionBlock(
          (attn): MultiheadAttention(
            (out_proj): NonDynamicallyQuantizableLinear(in_features=512, out_features=512, bias=True)
          )
          (ln_1): LayerNorm((512,), eps=1e-05, elementwise_affine=True)
          (mlp): Sequential(
            (c_fc): Linear(in_features=512, out_features=2048, bias=True)
            (gelu): QuickGELU()
            (c_proj): Linear(in_features=2048, out_features=512, bias=True)
          )
          (ln_2): LayerNorm((512,), eps=1e-05, elementwise_affine=True)
        )
      )
    )
    (token_embedding): Embedding(49408, 512)
    (ln_final): LayerNorm((512,), eps=1e-05, elementwise_affine=True)
  )
  (dino_encoder): DinoVisionTransformer(
    (patch_embed): PatchEmbed(
      (proj): Conv2d(3, 1024, kernel_size=(14, 14), stride=(14, 14))
      (norm): Identity()
    )
    (blocks): ModuleList(
      (0-23): 24 x NestedTensorBlock(
        (norm1): LayerNorm((1024,), eps=1e-06, elementwise_affine=True)
        (attn): MemEffAttention(
          (qkv): Linear(in_features=1024, out_features=3072, bias=True)
          (proj): Linear(in_features=1024, out_features=1024, bias=True)
          (proj_drop): Dropout(p=0.0, inplace=False)
        )
        (ls1): LayerScale()
        (drop_path1): Identity()
        (norm2): LayerNorm((1024,), eps=1e-06, elementwise_affine=True)
        (mlp): Mlp(
          (fc1): Linear(in_features=1024, out_features=4096, bias=True)
          (act): GELU(approximate='none')
          (fc2): Linear(in_features=4096, out_features=1024, bias=True)
          (drop): Dropout(p=0.0, inplace=False)
        )
        (ls2): LayerScale()
        (drop_path2): Identity()
      )
    )
    (norm): LayerNorm((1024,), eps=1e-06, elementwise_affine=True)
    (head): Identity()
  )
  (decoder_fts_fuse): SegFormerHead(
    (linears_modulelist): ModuleList(
      (0): MLP(
        (proj): Linear(in_features=768, out_features=256, bias=True)
        (proj_2): Linear(in_features=256, out_features=256, bias=True)
      )
    )
    (linear_fuse): Conv2d(256, 256, kernel_size=(1, 1), stride=(1, 1))
    (dropout): Dropout2d(p=0.1, inplace=False)
  )
  (dino_decoder_fts_fuse): SegFormerHead(
    (linears_modulelist): ModuleList(
      (0): MLP(
        (proj): Linear(in_features=1024, out_features=256, bias=True)
        (proj_2): Linear(in_features=256, out_features=256, bias=True)
      )
    )
    (linear_fuse): Conv2d(256, 256, kernel_size=(1, 1), stride=(1, 1))
    (dropout): Dropout2d(p=0.1, inplace=False)
  )
  (decoder): DecoderTransformer(
    (transformer): Transformer(
      (resblocks): Sequential(
        (0): ResidualAttentionBlock(
          (attn): MultiheadAttention(
            (out_proj): NonDynamicallyQuantizableLinear(in_features=256, out_features=256, bias=True)
          )
          (ln_1): LayerNorm((256,), eps=1e-05, elementwise_affine=True)
          (mlp): Sequential(
            (c_fc): Linear(in_features=256, out_features=1024, bias=True)
            (gelu): QuickGELU()
            (c_proj): Linear(in_features=1024, out_features=256, bias=True)
          )
          (ln_2): LayerNorm((256,), eps=1e-05, elementwise_affine=True)
        )
        (1): ResidualAttentionBlock(
          (attn): MultiheadAttention(
            (out_proj): NonDynamicallyQuantizableLinear(in_features=256, out_features=256, bias=True)
          )
          (ln_1): LayerNorm((256,), eps=1e-05, elementwise_affine=True)
          (mlp): Sequential(
            (c_fc): Linear(in_features=256, out_features=1024, bias=True)
            (gelu): QuickGELU()
            (c_proj): Linear(in_features=1024, out_features=256, bias=True)
          )
          (ln_2): LayerNorm((256,), eps=1e-05, elementwise_affine=True)
        )
        (2): ResidualAttentionBlock(
          (attn): MultiheadAttention(
            (out_proj): NonDynamicallyQuantizableLinear(in_features=256, out_features=256, bias=True)
          )
          (ln_1): LayerNorm((256,), eps=1e-05, elementwise_affine=True)
          (mlp): Sequential(
            (c_fc): Linear(in_features=256, out_features=1024, bias=True)
            (gelu): QuickGELU()
            (c_proj): Linear(in_features=1024, out_features=256, bias=True)
          )
          (ln_2): LayerNorm((256,), eps=1e-05, elementwise_affine=True)
        )
        (3): ResidualAttentionBlock(
          (attn): MultiheadAttention(
            (out_proj): NonDynamicallyQuantizableLinear(in_features=256, out_features=256, bias=True)
          )
          (ln_1): LayerNorm((256,), eps=1e-05, elementwise_affine=True)
          (mlp): Sequential(
            (c_fc): Linear(in_features=256, out_features=1024, bias=True)
            (gelu): QuickGELU()
            (c_proj): Linear(in_features=1024, out_features=256, bias=True)
          )
          (ln_2): LayerNorm((256,), eps=1e-05, elementwise_affine=True)
        )
        (4): ResidualAttentionBlock(
          (attn): MultiheadAttention(
            (out_proj): NonDynamicallyQuantizableLinear(in_features=256, out_features=256, bias=True)
          )
          (ln_1): LayerNorm((256,), eps=1e-05, elementwise_affine=True)
          (mlp): Sequential(
            (c_fc): Linear(in_features=256, out_features=1024, bias=True)
            (gelu): QuickGELU()
            (c_proj): Linear(in_features=1024, out_features=256, bias=True)
          )
          (ln_2): LayerNorm((256,), eps=1e-05, elementwise_affine=True)
        )
      )
    )
    (linear_pred): Conv2d(256, 21, kernel_size=(1, 1), stride=(1, 1))
  )
  (par): PAR()
  (fcm): FCM(
    (conv1): Conv(
      (conv): Conv2d(64, 64, kernel_size=(3, 3), stride=(1, 1), padding=(1, 1), bias=False)
      (bn): BatchNorm2d(64, eps=1e-05, momentum=0.1, affine=True, track_running_stats=True)
      (act): SiLU()
    )
    (conv12): Conv(
      (conv): Conv2d(64, 64, kernel_size=(3, 3), stride=(1, 1), padding=(1, 1), bias=False)
      (bn): BatchNorm2d(64, eps=1e-05, momentum=0.1, affine=True, track_running_stats=True)
      (act): SiLU()
    )
    (conv123): Conv(
      (conv): Conv2d(64, 256, kernel_size=(1, 1), stride=(1, 1), bias=False)
      (bn): BatchNorm2d(256, eps=1e-05, momentum=0.1, affine=True, track_running_stats=True)
      (act): SiLU()
    )
    (conv2): Conv(
      (conv): Conv2d(192, 256, kernel_size=(1, 1), stride=(1, 1), bias=False)
      (bn): BatchNorm2d(256, eps=1e-05, momentum=0.1, affine=True, track_running_stats=True)
      (act): SiLU()
    )
    (conv3): Conv(
      (conv): Conv2d(256, 256, kernel_size=(1, 1), stride=(1, 1), bias=False)
      (bn): BatchNorm2d(256, eps=1e-05, momentum=0.1, affine=True, track_running_stats=True)
      (act): SiLU()
    )
    (spatial): Spatial(
      (conv1): Conv2d(256, 1, kernel_size=(1, 1), stride=(1, 1))
      (bn): BatchNorm2d(1, eps=1e-05, momentum=0.1, affine=True, track_running_stats=True)
      (sigmoid): Sigmoid()
    )
    (channel): Channel(
      (dwconv): Conv2d(256, 256, kernel_size=(3, 3), stride=(1, 1), padding=(1, 1), groups=256)
      (dconv): Conv2d(256, 256, kernel_size=(3, 3), stride=(1, 1), padding=(1, 1), groups=256)
      (Apt): AdaptiveAvgPool2d(output_size=1)
      (sigmoid): Sigmoid()
    )
  )
  (scsa): SCSA(
    (local_dwc): Conv1d(64, 64, kernel_size=(3,), stride=(1,), padding=(1,), groups=64)
    (global_dwc_s): Conv1d(64, 64, kernel_size=(5,), stride=(1,), padding=(2,), groups=64)
    (global_dwc_m): Conv1d(64, 64, kernel_size=(7,), stride=(1,), padding=(3,), groups=64)
    (global_dwc_l): Conv1d(64, 64, kernel_size=(9,), stride=(1,), padding=(4,), groups=64)
    (sa_gate): Sigmoid()
    (norm_h): GroupNorm(4, 256, eps=1e-05, affine=True)
    (norm_w): GroupNorm(4, 256, eps=1e-05, affine=True)
    (conv_d): Identity()
    (norm): GroupNorm(1, 256, eps=1e-05, affine=True)
    (q): Conv2d(256, 256, kernel_size=(1, 1), stride=(1, 1), groups=256, bias=False)
    (k): Conv2d(256, 256, kernel_size=(1, 1), stride=(1, 1), groups=256, bias=False)
    (v): Conv2d(256, 256, kernel_size=(1, 1), stride=(1, 1), groups=256, bias=False)
    (attn_drop): Dropout(p=0.0, inplace=False)
    (ca_gate): Sigmoid()
    (down_func): AvgPool2d(kernel_size=(7, 7), stride=7, padding=0)
  )
)
2025-07-14 09:29:15,368 - dist_clip_voc.py - INFO: 
Optimizer: 
PolyWarmupAdamW (
Parameter Group 0
    amsgrad: False
    betas: [0.9, 0.999]
    capturable: False
    decoupled_weight_decay: True
    differentiable: False
    eps: 1e-08
    foreach: None
    fused: None
    lr: 2e-05
    maximize: False
    weight_decay: 0.01

Parameter Group 1
    amsgrad: False
    betas: [0.9, 0.999]
    capturable: False
    decoupled_weight_decay: True
    differentiable: False
    eps: 1e-08
    foreach: None
    fused: None
    lr: 0.0
    maximize: False
    weight_decay: 0.0

Parameter Group 2
    amsgrad: False
    betas: [0.9, 0.999]
    capturable: False
    decoupled_weight_decay: True
    differentiable: False
    eps: 1e-08
    foreach: None
    fused: None
    lr: 0.0002
    maximize: False
    weight_decay: 0.01

Parameter Group 3
    amsgrad: False
    betas: [0.9, 0.999]
    capturable: False
    decoupled_weight_decay: True
    differentiable: False
    eps: 1e-08
    foreach: None
    fused: None
    lr: 0.0002
    maximize: False
    weight_decay: 0.01
)
2025-07-14 09:30:09,591 - dist_clip_voc.py - INFO: Iter: 200; Elasped: 0:01:27; ETA: 3:36:03; LR: 1.987e-05;, pseudo_seg_loss: 1.5462, attn_loss: 0.4651, pseudo_seg_mAcc: 0.6969
2025-07-14 09:30:56,228 - dist_clip_voc.py - INFO: Iter: 400; Elasped: 0:02:14; ETA: 2:45:16; LR: 1.973e-05;, pseudo_seg_loss: 0.8290, attn_loss: 0.3801, pseudo_seg_mAcc: 0.8444
2025-07-14 09:31:45,056 - dist_clip_voc.py - INFO: Iter: 600; Elasped: 0:03:03; ETA: 2:29:27; LR: 1.960e-05;, pseudo_seg_loss: 0.5965, attn_loss: 0.3445, pseudo_seg_mAcc: 0.7421
2025-07-14 09:32:33,174 - dist_clip_voc.py - INFO: Iter: 800; Elasped: 0:03:51; ETA: 2:20:31; LR: 1.947e-05;, pseudo_seg_loss: 0.6278, attn_loss: 0.3240, pseudo_seg_mAcc: 0.9222
2025-07-14 09:33:20,805 - dist_clip_voc.py - INFO: Iter: 1000; Elasped: 0:04:38; ETA: 2:14:22; LR: 1.933e-05;, pseudo_seg_loss: 0.5948, attn_loss: 0.3005, pseudo_seg_mAcc: 0.8886
2025-07-14 09:34:10,158 - dist_clip_voc.py - INFO: Iter: 1200; Elasped: 0:05:28; ETA: 2:11:12; LR: 1.920e-05;, pseudo_seg_loss: 0.6156, attn_loss: 0.3018, pseudo_seg_mAcc: 0.8962
2025-07-14 09:34:57,888 - dist_clip_voc.py - INFO: Iter: 1400; Elasped: 0:06:15; ETA: 2:07:40; LR: 1.907e-05;, pseudo_seg_loss: 0.5662, attn_loss: 0.2896, pseudo_seg_mAcc: 0.9551
2025-07-14 09:35:46,586 - dist_clip_voc.py - INFO: Iter: 1600; Elasped: 0:07:04; ETA: 2:05:26; LR: 1.893e-05;, pseudo_seg_loss: 0.5549, attn_loss: 0.2744, pseudo_seg_mAcc: 0.8791
2025-07-14 09:36:33,578 - dist_clip_voc.py - INFO: Iter: 1800; Elasped: 0:07:51; ETA: 2:02:59; LR: 1.880e-05;, pseudo_seg_loss: 0.6058, attn_loss: 0.2743, pseudo_seg_mAcc: 0.9627
2025-07-14 09:37:20,663 - dist_clip_voc.py - INFO: Iter: 2000; Elasped: 0:08:38; ETA: 2:00:52; LR: 1.867e-05;, pseudo_seg_loss: 0.5672, attn_loss: 0.2684, pseudo_seg_mAcc: 0.8697
2025-07-14 09:37:20,664 - dist_clip_voc.py - INFO: Validating...
2025-07-14 09:40:59,337 - dist_clip_voc.py - INFO: cams score:
2025-07-14 09:40:59,337 - dist_clip_voc.py - INFO: {'pAcc': 0.9232015787255213, 'mAcc': 0.8855035560428798, 'miou': 0.758971160032302, 'iou': {0: 0.9058177890519497, 1: 0.8946418363167864, 2: 0.5357640320751886, 3: 0.9261048358799463, 4: 0.7479066444247321, 5: 0.7312986568614054, 6: 0.8751181962114045, 7: 0.7092331726314133, 8: 0.9544753497092627, 9: 0.5265955167759454, 10: 0.9100428167867434, 11: 0.6335255803568031, 12: 0.9364568480149139, 13: 0.8689587791602716, 14: 0.8329599237206913, 15: 0.6775146622084315, 16: 0.43756098053743336, 17: 0.9136722830125601, 18: 0.722366813618739, 19: 0.8017937853315945, 20: 0.39658585799212354}}
2025-07-14 09:40:59,337 - dist_clip_voc.py - INFO: segs score:
2025-07-14 09:40:59,337 - dist_clip_voc.py - INFO: {'pAcc': 0.9300934702710346, 'mAcc': 0.8295632128189276, 'miou': 0.7310303526340409, 'iou': {0: 0.9174258841078038, 1: 0.8288122548374423, 2: 0.4833336918375215, 3: 0.8587530743586742, 4: 0.7821571424369872, 5: 0.7437789395706401, 6: 0.8580335556701644, 7: 0.7028262288341652, 8: 0.9095866792042433, 9: 0.4478523381172082, 10: 0.8640234352474425, 11: 0.4659789521104769, 12: 0.9058250616616839, 13: 0.8434013992964837, 14: 0.8118140806739185, 15: 0.8183663993615152, 16: 0.5010047223265001, 17: 0.8640465719959899, 18: 0.543861952602158, 19: 0.8131807672916688, 20: 0.38757427377217013}}
2025-07-14 09:42:53,175 - dist_clip_voc.py - INFO: Iter: 2200; Elasped: 0:14:11; ETA: 2:59:13; LR: 1.853e-05;, pseudo_seg_loss: 0.5513, attn_loss: 0.2562, pseudo_seg_mAcc: 0.9468
2025-07-14 09:44:09,348 - dist_clip_voc.py - INFO: Iter: 2400; Elasped: 0:15:27; ETA: 2:57:40; LR: 1.840e-05;, pseudo_seg_loss: 0.5069, attn_loss: 0.2641, pseudo_seg_mAcc: 0.8294
2025-07-14 09:44:57,484 - dist_clip_voc.py - INFO: Iter: 2600; Elasped: 0:16:15; ETA: 2:51:15; LR: 1.827e-05;, pseudo_seg_loss: 0.4908, attn_loss: 0.2563, pseudo_seg_mAcc: 0.9000
2025-07-14 09:45:50,971 - dist_clip_voc.py - INFO: Iter: 2800; Elasped: 0:17:08; ETA: 2:46:26; LR: 1.813e-05;, pseudo_seg_loss: 0.5613, attn_loss: 0.2590, pseudo_seg_mAcc: 0.8610
2025-07-14 09:46:37,057 - dist_clip_voc.py - INFO: Iter: 3000; Elasped: 0:17:55; ETA: 2:41:15; LR: 1.800e-05;, pseudo_seg_loss: 0.5354, attn_loss: 0.2563, pseudo_seg_mAcc: 0.9678
2025-07-14 09:47:22,152 - dist_clip_voc.py - INFO: Iter: 3200; Elasped: 0:18:40; ETA: 2:36:20; LR: 1.787e-05;, pseudo_seg_loss: 0.4928, attn_loss: 0.2486, pseudo_seg_mAcc: 0.8100
2025-07-14 09:48:08,058 - dist_clip_voc.py - INFO: Iter: 3400; Elasped: 0:19:26; ETA: 2:32:02; LR: 1.773e-05;, pseudo_seg_loss: 0.5278, attn_loss: 0.2436, pseudo_seg_mAcc: 0.6720
2025-07-14 09:48:53,207 - dist_clip_voc.py - INFO: Iter: 3600; Elasped: 0:20:11; ETA: 2:28:00; LR: 1.760e-05;, pseudo_seg_loss: 0.4830, attn_loss: 0.2432, pseudo_seg_mAcc: 0.9136
2025-07-14 09:49:39,289 - dist_clip_voc.py - INFO: Iter: 3800; Elasped: 0:20:57; ETA: 2:24:26; LR: 1.747e-05;, pseudo_seg_loss: 0.5160, attn_loss: 0.2488, pseudo_seg_mAcc: 0.9625
2025-07-14 09:50:25,657 - dist_clip_voc.py - INFO: Iter: 4000; Elasped: 0:21:43; ETA: 2:21:09; LR: 1.733e-05;, pseudo_seg_loss: 0.4405, attn_loss: 0.2411, pseudo_seg_mAcc: 0.8458
2025-07-14 09:50:25,658 - dist_clip_voc.py - INFO: Validating...
2025-07-14 09:52:50,811 - dist_clip_voc.py - INFO: cams score:
2025-07-14 09:52:50,812 - dist_clip_voc.py - INFO: {'pAcc': 0.9268786800978188, 'mAcc': 0.890995280291611, 'miou': 0.757909527595331, 'iou': {0: 0.9102232272978832, 1: 0.8938750800308434, 2: 0.5478318656485723, 3: 0.9088671228740213, 4: 0.67119033934532, 5: 0.454604718196474, 6: 0.878262949491258, 7: 0.6731704821311806, 8: 0.9584077675751699, 9: 0.637348022659722, 10: 0.9120063234954794, 11: 0.6417882751077415, 12: 0.9223705628672226, 13: 0.8931456548347613, 14: 0.8358325318012054, 15: 0.7008100510043233, 16: 0.4666527618969582, 17: 0.9361322156410429, 18: 0.7964340332939039, 19: 0.8338228866159629, 20: 0.4433232076929055}}
2025-07-14 09:52:50,812 - dist_clip_voc.py - INFO: segs score:
2025-07-14 09:52:50,812 - dist_clip_voc.py - INFO: {'pAcc': 0.9105328727395328, 'mAcc': 0.8836220816664108, 'miou': 0.7255222533512139, 'iou': {0: 0.890698202845105, 1: 0.8085032395636841, 2: 0.5161916355713164, 3: 0.844476694546974, 4: 0.7910319032895423, 5: 0.6858420886757304, 6: 0.8632825733667489, 7: 0.35652881042115425, 8: 0.9268565370343598, 9: 0.46320653545762863, 10: 0.8637026148441137, 11: 0.6532695645392956, 12: 0.8952371134738076, 13: 0.8500332698794762, 14: 0.8120476481393107, 15: 0.812290166734068, 16: 0.43662194981787794, 17: 0.904934139930602, 18: 0.5488922306642362, 19: 0.8616564143153818, 20: 0.4506639872650767}}
2025-07-14 09:53:37,314 - dist_clip_voc.py - INFO: Iter: 4200; Elasped: 0:24:55; ETA: 2:33:03; LR: 1.720e-05;, pseudo_seg_loss: 0.4896, attn_loss: 0.2422, pseudo_seg_mAcc: 0.9315
2025-07-14 09:54:23,204 - dist_clip_voc.py - INFO: Iter: 4400; Elasped: 0:25:41; ETA: 2:29:25; LR: 1.707e-05;, pseudo_seg_loss: 0.5517, attn_loss: 0.2533, pseudo_seg_mAcc: 0.9374
2025-07-14 09:55:08,728 - dist_clip_voc.py - INFO: Iter: 4600; Elasped: 0:26:26; ETA: 2:25:57; LR: 1.693e-05;, pseudo_seg_loss: 0.4976, attn_loss: 0.2511, pseudo_seg_mAcc: 0.9374
2025-07-14 09:55:55,467 - dist_clip_voc.py - INFO: Iter: 4800; Elasped: 0:27:13; ETA: 2:22:53; LR: 1.680e-05;, pseudo_seg_loss: 0.5190, attn_loss: 0.2494, pseudo_seg_mAcc: 0.9086
2025-07-14 09:56:42,026 - dist_clip_voc.py - INFO: Iter: 5000; Elasped: 0:28:00; ETA: 2:20:00; LR: 1.667e-05;, pseudo_seg_loss: 0.4800, attn_loss: 0.2354, pseudo_seg_mAcc: 0.7070
2025-07-14 09:57:27,150 - dist_clip_voc.py - INFO: Iter: 5200; Elasped: 0:28:45; ETA: 2:17:06; LR: 1.653e-05;, pseudo_seg_loss: 0.4503, attn_loss: 0.2431, pseudo_seg_mAcc: 0.7950
2025-07-14 09:58:20,337 - dist_clip_voc.py - INFO: Iter: 5400; Elasped: 0:29:38; ETA: 2:14:59; LR: 1.640e-05;, pseudo_seg_loss: 0.4464, attn_loss: 0.2371, pseudo_seg_mAcc: 0.9636
2025-07-14 09:59:06,377 - dist_clip_voc.py - INFO: Iter: 5600; Elasped: 0:30:24; ETA: 2:12:27; LR: 1.627e-05;, pseudo_seg_loss: 0.4972, attn_loss: 0.2417, pseudo_seg_mAcc: 0.6907
2025-07-14 09:59:52,813 - dist_clip_voc.py - INFO: Iter: 5800; Elasped: 0:31:10; ETA: 2:10:02; LR: 1.613e-05;, pseudo_seg_loss: 0.4564, attn_loss: 0.2327, pseudo_seg_mAcc: 0.7794
2025-07-14 10:00:38,646 - dist_clip_voc.py - INFO: Iter: 6000; Elasped: 0:31:56; ETA: 2:07:44; LR: 1.600e-05;, pseudo_seg_loss: 0.4661, attn_loss: 0.2419, pseudo_seg_mAcc: 0.9269
2025-07-14 10:00:38,647 - dist_clip_voc.py - INFO: Validating...
2025-07-14 10:03:03,617 - dist_clip_voc.py - INFO: cams score:
2025-07-14 10:03:03,618 - dist_clip_voc.py - INFO: {'pAcc': 0.9317109629996443, 'mAcc': 0.8899306638612103, 'miou': 0.7700562436592168, 'iou': {0: 0.9173106754940936, 1: 0.8983770810521868, 2: 0.46822051702324996, 3: 0.9040610207660422, 4: 0.8331613629718412, 5: 0.5190692622175012, 6: 0.8743081243656032, 7: 0.752061037049722, 8: 0.9536807068619972, 9: 0.6569715195508271, 10: 0.9055089271801766, 11: 0.637090651833495, 12: 0.9167423092591684, 13: 0.8795023373144615, 14: 0.8093123167842733, 15: 0.6853982610640136, 16: 0.4758169867233212, 17: 0.9374099532817384, 18: 0.8244460930017914, 19: 0.8266142005754709, 20: 0.49611777247257693}}
2025-07-14 10:03:03,618 - dist_clip_voc.py - INFO: segs score:
2025-07-14 10:03:03,618 - dist_clip_voc.py - INFO: {'pAcc': 0.9340570738473869, 'mAcc': 0.8098040826754965, 'miou': 0.7154354987356134, 'iou': {0: 0.9265935965906531, 1: 0.8621887518460614, 2: 0.0, 3: 0.8917451333738717, 4: 0.8166611930878696, 5: 0.4375677674233004, 6: 0.8860723185313996, 7: 0.7205121784322102, 8: 0.9370144107581985, 9: 0.4422215070262916, 10: 0.8034939709001238, 11: 0.5904097288694694, 12: 0.9073299665286783, 13: 0.8548539247829028, 14: 0.7402779667471988, 15: 0.8249840073821525, 16: 0.5960086471157455, 17: 0.9061372757036237, 18: 0.5663221331653487, 19: 0.8277843237412501, 20: 0.4859666714415318}}
2025-07-14 10:03:49,855 - dist_clip_voc.py - INFO: Iter: 6200; Elasped: 0:35:07; ETA: 2:14:48; LR: 1.587e-05;, pseudo_seg_loss: 0.4777, attn_loss: 0.2408, pseudo_seg_mAcc: 0.9470
2025-07-14 10:04:36,181 - dist_clip_voc.py - INFO: Iter: 6400; Elasped: 0:35:54; ETA: 2:12:22; LR: 1.573e-05;, pseudo_seg_loss: 0.4464, attn_loss: 0.2324, pseudo_seg_mAcc: 0.8550
2025-07-14 10:05:21,654 - dist_clip_voc.py - INFO: Iter: 6600; Elasped: 0:36:39; ETA: 2:09:56; LR: 1.560e-05;, pseudo_seg_loss: 0.4660, attn_loss: 0.2345, pseudo_seg_mAcc: 0.8713
2025-07-14 10:06:08,015 - dist_clip_voc.py - INFO: Iter: 6800; Elasped: 0:37:26; ETA: 2:07:42; LR: 1.547e-05;, pseudo_seg_loss: 0.4369, attn_loss: 0.2321, pseudo_seg_mAcc: 0.9299
2025-07-14 10:06:53,899 - dist_clip_voc.py - INFO: Iter: 7000; Elasped: 0:38:11; ETA: 2:05:27; LR: 1.533e-05;, pseudo_seg_loss: 0.4300, attn_loss: 0.2292, pseudo_seg_mAcc: 0.8225
2025-07-14 10:07:39,667 - dist_clip_voc.py - INFO: Iter: 7200; Elasped: 0:38:57; ETA: 2:03:20; LR: 1.520e-05;, pseudo_seg_loss: 0.4701, attn_loss: 0.2236, pseudo_seg_mAcc: 0.5064
2025-07-14 10:08:26,401 - dist_clip_voc.py - INFO: Iter: 7400; Elasped: 0:39:44; ETA: 2:01:20; LR: 1.507e-05;, pseudo_seg_loss: 0.4179, attn_loss: 0.2314, pseudo_seg_mAcc: 0.8347
2025-07-14 10:09:12,145 - dist_clip_voc.py - INFO: Iter: 7600; Elasped: 0:40:30; ETA: 1:59:22; LR: 1.493e-05;, pseudo_seg_loss: 0.4358, attn_loss: 0.2321, pseudo_seg_mAcc: 0.8231
2025-07-14 10:09:59,007 - dist_clip_voc.py - INFO: Iter: 7800; Elasped: 0:41:16; ETA: 1:57:27; LR: 1.480e-05;, pseudo_seg_loss: 0.4687, attn_loss: 0.2204, pseudo_seg_mAcc: 0.9258
2025-07-14 10:10:51,347 - dist_clip_voc.py - INFO: Iter: 8000; Elasped: 0:42:09; ETA: 1:55:54; LR: 1.467e-05;, pseudo_seg_loss: 0.5053, attn_loss: 0.2332, pseudo_seg_mAcc: 0.6293
2025-07-14 10:10:51,347 - dist_clip_voc.py - INFO: Validating...
2025-07-14 10:13:14,862 - dist_clip_voc.py - INFO: cams score:
2025-07-14 10:13:14,862 - dist_clip_voc.py - INFO: {'pAcc': 0.9215163223758314, 'mAcc': 0.8829818815562372, 'miou': 0.7538993394448612, 'iou': {0: 0.9039217067757638, 1: 0.8939243496008307, 2: 0.47340850546200447, 3: 0.9292019752377585, 4: 0.8090468548279527, 5: 0.5130429179833046, 6: 0.8671807833398465, 7: 0.7856980473649599, 8: 0.9590036334949174, 9: 0.4949225614461456, 10: 0.9187522059935795, 11: 0.5429300031876395, 12: 0.9232764052262256, 13: 0.8821055754807953, 14: 0.8320983057500316, 15: 0.6504054095188504, 16: 0.35241322272201736, 17: 0.9364309552494336, 18: 0.7742941809939077, 19: 0.8375159218277181, 20: 0.5523126068584039}}
2025-07-14 10:13:14,862 - dist_clip_voc.py - INFO: segs score:
2025-07-14 10:13:14,862 - dist_clip_voc.py - INFO: {'pAcc': 0.9419291802371909, 'mAcc': 0.8653683093559401, 'miou': 0.7692955947586524, 'iou': {0: 0.9305126119243609, 1: 0.8528693400392328, 2: 0.5023814537472296, 3: 0.8635352141411407, 4: 0.8335779164226986, 5: 0.7417436684556813, 6: 0.8680693212115546, 7: 0.8281968272377931, 8: 0.9403950308824536, 9: 0.5159760459880984, 10: 0.8921337535460129, 11: 0.5476272523746992, 12: 0.9084482512651778, 13: 0.854437811033404, 14: 0.8460493594388497, 15: 0.8475313843374245, 16: 0.5341268914373483, 17: 0.9113546420336452, 18: 0.6449585968551333, 19: 0.8155865350891334, 20: 0.4756955824706299}}
2025-07-14 10:14:01,930 - dist_clip_voc.py - INFO: Iter: 8200; Elasped: 0:45:19; ETA: 2:00:28; LR: 1.453e-05;, pseudo_seg_loss: 0.4827, attn_loss: 0.2326, pseudo_seg_mAcc: 0.8079
2025-07-14 10:14:48,145 - dist_clip_voc.py - INFO: Iter: 8400; Elasped: 0:46:06; ETA: 1:58:32; LR: 1.440e-05;, pseudo_seg_loss: 0.4469, attn_loss: 0.2252, pseudo_seg_mAcc: 0.8860
2025-07-14 10:15:34,353 - dist_clip_voc.py - INFO: Iter: 8600; Elasped: 0:46:52; ETA: 1:56:37; LR: 1.427e-05;, pseudo_seg_loss: 0.4155, attn_loss: 0.2280, pseudo_seg_mAcc: 0.9643
2025-07-14 10:16:20,487 - dist_clip_voc.py - INFO: Iter: 8800; Elasped: 0:47:38; ETA: 1:54:45; LR: 1.413e-05;, pseudo_seg_loss: 0.4942, attn_loss: 0.2338, pseudo_seg_mAcc: 0.8073
2025-07-14 10:17:04,675 - dist_clip_voc.py - INFO: Iter: 9000; Elasped: 0:48:22; ETA: 1:52:51; LR: 1.400e-05;, pseudo_seg_loss: 0.4670, attn_loss: 0.2351, pseudo_seg_mAcc: 0.6606
2025-07-14 10:17:51,379 - dist_clip_voc.py - INFO: Iter: 9200; Elasped: 0:49:09; ETA: 1:51:07; LR: 1.387e-05;, pseudo_seg_loss: 0.4651, attn_loss: 0.2352, pseudo_seg_mAcc: 0.8204
2025-07-14 10:18:35,837 - dist_clip_voc.py - INFO: Iter: 9400; Elasped: 0:49:53; ETA: 1:49:19; LR: 1.373e-05;, pseudo_seg_loss: 0.4351, attn_loss: 0.2317, pseudo_seg_mAcc: 0.8741
2025-07-14 10:19:20,376 - dist_clip_voc.py - INFO: Iter: 9600; Elasped: 0:50:38; ETA: 1:47:35; LR: 1.360e-05;, pseudo_seg_loss: 0.4613, attn_loss: 0.2294, pseudo_seg_mAcc: 0.9690
2025-07-14 10:20:06,114 - dist_clip_voc.py - INFO: Iter: 9800; Elasped: 0:51:24; ETA: 1:45:56; LR: 1.347e-05;, pseudo_seg_loss: 0.4056, attn_loss: 0.2147, pseudo_seg_mAcc: 0.9528
2025-07-14 10:20:51,854 - dist_clip_voc.py - INFO: Iter: 10000; Elasped: 0:52:09; ETA: 1:44:18; LR: 1.333e-05;, pseudo_seg_loss: 0.4621, attn_loss: 0.2168, pseudo_seg_mAcc: 0.9436
2025-07-14 10:20:51,854 - dist_clip_voc.py - INFO: Validating...
2025-07-14 10:23:17,492 - dist_clip_voc.py - INFO: cams score:
2025-07-14 10:23:17,492 - dist_clip_voc.py - INFO: {'pAcc': 0.9169936104878064, 'mAcc': 0.8866747633374475, 'miou': 0.7527875173489569, 'iou': {0: 0.8974555036037372, 1: 0.8965395733327789, 2: 0.515747667209976, 3: 0.9028843308603605, 4: 0.7956298019830421, 5: 0.5034739315820521, 6: 0.874263623288675, 7: 0.7871624009288707, 8: 0.9566884791505041, 9: 0.47653481876294435, 10: 0.9204841731635732, 11: 0.606724282032049, 12: 0.9200028456838181, 13: 0.8791160200543887, 14: 0.8342521114883155, 15: 0.6243233564794474, 16: 0.36503137014639403, 17: 0.9120555896900315, 18: 0.6904372241057753, 19: 0.8532404829833656, 20: 0.5964902777979958}}
2025-07-14 10:23:17,493 - dist_clip_voc.py - INFO: segs score:
2025-07-14 10:23:17,493 - dist_clip_voc.py - INFO: {'pAcc': 0.9264118953874133, 'mAcc': 0.869229630040101, 'miou': 0.7724052061246771, 'iou': {0: 0.9090952684275192, 1: 0.8629095890296277, 2: 0.5155497982977939, 3: 0.9054540382435559, 4: 0.8462252269769808, 5: 0.7776905817662693, 6: 0.8815272813074918, 7: 0.8495204786210151, 8: 0.9420410143290852, 9: 0.5433421428850367, 10: 0.8990335454134684, 11: 0.6325158336529554, 12: 0.9189304928511273, 13: 0.8584835417845506, 14: 0.8507219436536528, 15: 0.6195570563266891, 16: 0.6218404823347754, 17: 0.897367688898003, 18: 0.4904860881664181, 19: 0.8265684419143982, 20: 0.5716487937378041}}
2025-07-14 10:24:03,656 - dist_clip_voc.py - INFO: Iter: 10200; Elasped: 0:55:21; ETA: 1:47:26; LR: 1.320e-05;, pseudo_seg_loss: 0.4122, attn_loss: 0.2146, pseudo_seg_mAcc: 0.9499
2025-07-14 10:24:50,216 - dist_clip_voc.py - INFO: Iter: 10400; Elasped: 0:56:08; ETA: 1:45:47; LR: 1.307e-05;, pseudo_seg_loss: 0.4804, attn_loss: 0.2288, pseudo_seg_mAcc: 0.6437
2025-07-14 10:25:41,638 - dist_clip_voc.py - INFO: Iter: 10600; Elasped: 0:56:59; ETA: 1:44:17; LR: 1.293e-05;, pseudo_seg_loss: 0.4335, attn_loss: 0.2246, pseudo_seg_mAcc: 0.8063
2025-07-14 10:26:27,232 - dist_clip_voc.py - INFO: Iter: 10800; Elasped: 0:57:45; ETA: 1:42:40; LR: 1.280e-05;, pseudo_seg_loss: 0.4564, attn_loss: 0.2223, pseudo_seg_mAcc: 0.9302
2025-07-14 10:27:13,077 - dist_clip_voc.py - INFO: Iter: 11000; Elasped: 0:58:31; ETA: 1:41:04; LR: 1.267e-05;, pseudo_seg_loss: 0.4579, attn_loss: 0.2200, pseudo_seg_mAcc: 0.9482
2025-07-14 10:27:59,695 - dist_clip_voc.py - INFO: Iter: 11200; Elasped: 0:59:17; ETA: 1:39:30; LR: 1.253e-05;, pseudo_seg_loss: 0.4113, attn_loss: 0.2182, pseudo_seg_mAcc: 0.4162
2025-07-14 10:28:46,233 - dist_clip_voc.py - INFO: Iter: 11400; Elasped: 1:00:04; ETA: 1:38:00; LR: 1.240e-05;, pseudo_seg_loss: 0.3789, attn_loss: 0.2216, pseudo_seg_mAcc: 0.6721
2025-07-14 10:29:32,626 - dist_clip_voc.py - INFO: Iter: 11600; Elasped: 1:00:50; ETA: 1:36:29; LR: 1.227e-05;, pseudo_seg_loss: 0.4958, attn_loss: 0.2313, pseudo_seg_mAcc: 0.7377
2025-07-14 10:30:19,362 - dist_clip_voc.py - INFO: Iter: 11800; Elasped: 1:01:37; ETA: 1:35:02; LR: 1.213e-05;, pseudo_seg_loss: 0.4435, attn_loss: 0.2203, pseudo_seg_mAcc: 0.7853
2025-07-14 10:31:04,489 - dist_clip_voc.py - INFO: Iter: 12000; Elasped: 1:02:22; ETA: 1:33:33; LR: 1.200e-05;, pseudo_seg_loss: 0.4434, attn_loss: 0.2199, pseudo_seg_mAcc: 0.9470
2025-07-14 10:31:04,490 - dist_clip_voc.py - INFO: Validating...
2025-07-14 10:33:29,545 - dist_clip_voc.py - INFO: cams score:
2025-07-14 10:33:29,545 - dist_clip_voc.py - INFO: {'pAcc': 0.9304025294506565, 'mAcc': 0.890218826372203, 'miou': 0.7609191777171544, 'iou': {0: 0.914910382595909, 1: 0.8917529531274555, 2: 0.5405333259319245, 3: 0.9041953329721294, 4: 0.8002313516965991, 5: 0.4342328342079111, 6: 0.87949564236886, 7: 0.7475509427857796, 8: 0.9561728268621101, 9: 0.5509331549810634, 10: 0.9122068306082505, 11: 0.6058868902389292, 12: 0.9191757121437273, 13: 0.8714524689079892, 14: 0.8297521033361248, 15: 0.743070703172542, 16: 0.4524877811469952, 17: 0.9324095569845993, 18: 0.7700689184622358, 19: 0.830231233614876, 20: 0.4925517859142313}}
2025-07-14 10:33:29,545 - dist_clip_voc.py - INFO: segs score:
2025-07-14 10:33:29,545 - dist_clip_voc.py - INFO: {'pAcc': 0.9424361540060842, 'mAcc': 0.9020230753303515, 'miou': 0.7814299120982474, 'iou': {0: 0.9309792152039346, 1: 0.8310742667635739, 2: 0.5294815082912964, 3: 0.8895259753543662, 4: 0.8274610841093495, 5: 0.7135086693983412, 6: 0.8647428182989768, 7: 0.8555232620996301, 8: 0.9440310163061152, 9: 0.5375451885805287, 10: 0.8784176689875739, 11: 0.6351684927439678, 12: 0.9043263332728227, 13: 0.850808493355041, 14: 0.847185526062536, 15: 0.8525518178972618, 16: 0.6494466639114662, 17: 0.877210159602719, 18: 0.5811446295505424, 19: 0.8488832688557826, 20: 0.5610120954173701}}
2025-07-14 10:34:16,195 - dist_clip_voc.py - INFO: Iter: 12200; Elasped: 1:05:34; ETA: 1:35:39; LR: 1.187e-05;, pseudo_seg_loss: 0.4227, attn_loss: 0.2193, pseudo_seg_mAcc: 0.9514
2025-07-14 10:35:01,138 - dist_clip_voc.py - INFO: Iter: 12400; Elasped: 1:06:19; ETA: 1:34:07; LR: 1.173e-05;, pseudo_seg_loss: 0.4130, attn_loss: 0.2191, pseudo_seg_mAcc: 0.7425
2025-07-14 10:35:47,260 - dist_clip_voc.py - INFO: Iter: 12600; Elasped: 1:07:05; ETA: 1:32:38; LR: 1.160e-05;, pseudo_seg_loss: 0.4424, attn_loss: 0.2203, pseudo_seg_mAcc: 0.8879
2025-07-14 10:36:31,505 - dist_clip_voc.py - INFO: Iter: 12800; Elasped: 1:07:49; ETA: 1:31:07; LR: 1.147e-05;, pseudo_seg_loss: 0.4417, attn_loss: 0.2168, pseudo_seg_mAcc: 0.7891
2025-07-14 10:37:15,658 - dist_clip_voc.py - INFO: Iter: 13000; Elasped: 1:08:33; ETA: 1:29:38; LR: 1.133e-05;, pseudo_seg_loss: 0.3975, attn_loss: 0.2181, pseudo_seg_mAcc: 0.8119
2025-07-14 10:38:02,096 - dist_clip_voc.py - INFO: Iter: 13200; Elasped: 1:09:20; ETA: 1:28:14; LR: 1.120e-05;, pseudo_seg_loss: 0.4507, attn_loss: 0.2180, pseudo_seg_mAcc: 0.7689
2025-07-14 10:38:54,085 - dist_clip_voc.py - INFO: Iter: 13400; Elasped: 1:10:12; ETA: 1:26:57; LR: 1.107e-05;, pseudo_seg_loss: 0.4118, attn_loss: 0.2260, pseudo_seg_mAcc: 0.7950
2025-07-14 10:39:40,359 - dist_clip_voc.py - INFO: Iter: 13600; Elasped: 1:10:58; ETA: 1:25:34; LR: 1.093e-05;, pseudo_seg_loss: 0.4515, attn_loss: 0.2163, pseudo_seg_mAcc: 0.7821
2025-07-14 10:40:27,140 - dist_clip_voc.py - INFO: Iter: 13800; Elasped: 1:11:45; ETA: 1:24:13; LR: 1.080e-05;, pseudo_seg_loss: 0.4273, attn_loss: 0.2205, pseudo_seg_mAcc: 0.9473
2025-07-14 10:41:10,710 - dist_clip_voc.py - INFO: Iter: 14000; Elasped: 1:12:28; ETA: 1:22:49; LR: 1.067e-05;, pseudo_seg_loss: 0.3966, attn_loss: 0.2146, pseudo_seg_mAcc: 0.9049
2025-07-14 10:41:10,711 - dist_clip_voc.py - INFO: Validating...
2025-07-14 10:43:34,924 - dist_clip_voc.py - INFO: cams score:
2025-07-14 10:43:34,924 - dist_clip_voc.py - INFO: {'pAcc': 0.92902138723699, 'mAcc': 0.8857024202184866, 'miou': 0.7651710174195143, 'iou': {0: 0.9134936339838509, 1: 0.8909111359990184, 2: 0.5376682855351224, 3: 0.917481538279133, 4: 0.7963137349835083, 5: 0.529763206113228, 6: 0.8781260648144367, 7: 0.6989339816482059, 8: 0.9583326666622061, 9: 0.6071924038280483, 10: 0.920162106733808, 11: 0.5080629458952712, 12: 0.9141002753689811, 13: 0.87556396137945, 14: 0.8247235656879843, 15: 0.6765006370619462, 16: 0.43329293525277374, 17: 0.9334825637604698, 18: 0.8117407144597586, 19: 0.8644767559463608, 20: 0.5782682524162374}}
2025-07-14 10:43:34,924 - dist_clip_voc.py - INFO: segs score:
2025-07-14 10:43:34,924 - dist_clip_voc.py - INFO: {'pAcc': 0.9418372153228677, 'mAcc': 0.8678065048796836, 'miou': 0.7718151687727731, 'iou': {0: 0.9295815933097112, 1: 0.861226942700157, 2: 0.4962659887736699, 3: 0.8969860121931323, 4: 0.8506022928330789, 5: 0.7143390174290793, 6: 0.8787283832517714, 7: 0.7450152408020452, 8: 0.9421272891636407, 9: 0.5690146341809027, 10: 0.8836342603362974, 11: 0.3173987491973973, 12: 0.9150357284636761, 13: 0.8499208413412738, 14: 0.8280855875445768, 15: 0.8409954822229865, 16: 0.6537364729311445, 17: 0.9057650843024283, 18: 0.6586704867576015, 19: 0.8519923043196587, 20: 0.6189961521740014}}
2025-07-14 10:44:20,455 - dist_clip_voc.py - INFO: Iter: 14200; Elasped: 1:15:38; ETA: 1:24:09; LR: 1.053e-05;, pseudo_seg_loss: 0.4332, attn_loss: 0.2217, pseudo_seg_mAcc: 0.8003
2025-07-14 10:45:06,205 - dist_clip_voc.py - INFO: Iter: 14400; Elasped: 1:16:24; ETA: 1:22:46; LR: 1.040e-05;, pseudo_seg_loss: 0.4559, attn_loss: 0.2168, pseudo_seg_mAcc: 0.7342
2025-07-14 10:45:52,888 - dist_clip_voc.py - INFO: Iter: 14600; Elasped: 1:17:10; ETA: 1:21:23; LR: 1.027e-05;, pseudo_seg_loss: 0.4799, attn_loss: 0.2185, pseudo_seg_mAcc: 0.9765
2025-07-14 10:46:38,933 - dist_clip_voc.py - INFO: Iter: 14800; Elasped: 1:17:56; ETA: 1:20:02; LR: 1.013e-05;, pseudo_seg_loss: 0.3793, attn_loss: 0.2105, pseudo_seg_mAcc: 0.9035
2025-07-14 10:47:24,827 - dist_clip_voc.py - INFO: Iter: 15000; Elasped: 1:18:42; ETA: 1:18:42; LR: 1.000e-05;, pseudo_seg_loss: 0.4182, attn_loss: 0.2166, pseudo_seg_mAcc: 0.9065
2025-07-14 10:48:10,033 - dist_clip_voc.py - INFO: Iter: 15200; Elasped: 1:19:28; ETA: 1:17:22; LR: 9.867e-06;, pseudo_seg_loss: 0.4374, attn_loss: 0.2108, pseudo_seg_mAcc: 0.9535
2025-07-14 10:48:54,759 - dist_clip_voc.py - INFO: Iter: 15400; Elasped: 1:20:12; ETA: 1:16:02; LR: 9.734e-06;, pseudo_seg_loss: 0.4255, attn_loss: 0.2107, pseudo_seg_mAcc: 0.9474
2025-07-14 10:49:41,410 - dist_clip_voc.py - INFO: Iter: 15600; Elasped: 1:20:59; ETA: 1:14:45; LR: 9.601e-06;, pseudo_seg_loss: 0.4449, attn_loss: 0.2188, pseudo_seg_mAcc: 0.7906
2025-07-14 10:50:26,781 - dist_clip_voc.py - INFO: Iter: 15800; Elasped: 1:21:44; ETA: 1:13:27; LR: 9.467e-06;, pseudo_seg_loss: 0.3833, attn_loss: 0.2101, pseudo_seg_mAcc: 0.9195
2025-07-14 10:51:18,958 - dist_clip_voc.py - INFO: Iter: 16000; Elasped: 1:22:36; ETA: 1:12:16; LR: 9.334e-06;, pseudo_seg_loss: 0.4123, attn_loss: 0.2222, pseudo_seg_mAcc: 0.9834
2025-07-14 10:51:18,958 - dist_clip_voc.py - INFO: Validating...
2025-07-14 10:53:44,305 - dist_clip_voc.py - INFO: cams score:
2025-07-14 10:53:44,305 - dist_clip_voc.py - INFO: {'pAcc': 0.9200857821186547, 'mAcc': 0.8909321605310535, 'miou': 0.7559486529270285, 'iou': {0: 0.9017936942721275, 1: 0.8883338262986368, 2: 0.4878823066556664, 3: 0.8989418698953364, 4: 0.8070419647318511, 5: 0.5559639923046866, 6: 0.8770105059639718, 7: 0.7837326613827436, 8: 0.9571394953884415, 9: 0.48107636999592635, 10: 0.9077187891002698, 11: 0.5977003354934665, 12: 0.9258259223910827, 13: 0.8756721592396608, 14: 0.832045247206583, 15: 0.6285029853220675, 16: 0.37450121427336164, 17: 0.9308087323372692, 18: 0.7468796493548837, 19: 0.8435916687205657, 20: 0.5727583211389976}}
2025-07-14 10:53:44,306 - dist_clip_voc.py - INFO: segs score:
2025-07-14 10:53:44,306 - dist_clip_voc.py - INFO: {'pAcc': 0.9246353995576688, 'mAcc': 0.8887306567420254, 'miou': 0.7727667538850811, 'iou': {0: 0.9075161768104008, 1: 0.8198125697425908, 2: 0.520716788543571, 3: 0.9049830389568736, 4: 0.840761919978252, 5: 0.7674823068948964, 6: 0.8604769548742826, 7: 0.8155136834651336, 8: 0.9415467182702085, 9: 0.5771065768831163, 10: 0.8773238415736686, 11: 0.6240809629904068, 12: 0.9151105315457663, 13: 0.8335476553372547, 14: 0.8410245030837835, 15: 0.5920336381948006, 16: 0.5204794020576106, 17: 0.9067342595809211, 18: 0.6374808724062607, 19: 0.8285285477588874, 20: 0.6958408826380171}}
2025-07-14 10:54:30,715 - dist_clip_voc.py - INFO: Iter: 16200; Elasped: 1:25:48; ETA: 1:13:05; LR: 9.201e-06;, pseudo_seg_loss: 0.3877, attn_loss: 0.2182, pseudo_seg_mAcc: 0.9432
2025-07-14 10:55:16,061 - dist_clip_voc.py - INFO: Iter: 16400; Elasped: 1:26:34; ETA: 1:11:47; LR: 9.067e-06;, pseudo_seg_loss: 0.3972, attn_loss: 0.2178, pseudo_seg_mAcc: 0.9507
2025-07-14 10:56:02,574 - dist_clip_voc.py - INFO: Iter: 16600; Elasped: 1:27:20; ETA: 1:10:29; LR: 8.934e-06;, pseudo_seg_loss: 0.4258, attn_loss: 0.2116, pseudo_seg_mAcc: 0.8019
2025-07-14 10:56:48,692 - dist_clip_voc.py - INFO: Iter: 16800; Elasped: 1:28:06; ETA: 1:09:13; LR: 8.801e-06;, pseudo_seg_loss: 0.4025, attn_loss: 0.2094, pseudo_seg_mAcc: 0.8654
2025-07-14 10:57:33,788 - dist_clip_voc.py - INFO: Iter: 17000; Elasped: 1:28:51; ETA: 1:07:56; LR: 8.667e-06;, pseudo_seg_loss: 0.3997, attn_loss: 0.2091, pseudo_seg_mAcc: 0.9591
2025-07-14 10:58:20,050 - dist_clip_voc.py - INFO: Iter: 17200; Elasped: 1:29:38; ETA: 1:06:42; LR: 8.534e-06;, pseudo_seg_loss: 0.4293, attn_loss: 0.2092, pseudo_seg_mAcc: 0.9505
2025-07-14 10:59:05,985 - dist_clip_voc.py - INFO: Iter: 17400; Elasped: 1:30:23; ETA: 1:05:27; LR: 8.401e-06;, pseudo_seg_loss: 0.4183, attn_loss: 0.2158, pseudo_seg_mAcc: 0.7327
2025-07-14 10:59:52,187 - dist_clip_voc.py - INFO: Iter: 17600; Elasped: 1:31:10; ETA: 1:04:13; LR: 8.267e-06;, pseudo_seg_loss: 0.3724, attn_loss: 0.2089, pseudo_seg_mAcc: 0.8896
2025-07-14 11:00:38,035 - dist_clip_voc.py - INFO: Iter: 17800; Elasped: 1:31:56; ETA: 1:03:00; LR: 8.134e-06;, pseudo_seg_loss: 0.3982, attn_loss: 0.2082, pseudo_seg_mAcc: 0.9195
2025-07-14 11:01:23,421 - dist_clip_voc.py - INFO: Iter: 18000; Elasped: 1:32:41; ETA: 1:01:47; LR: 8.001e-06;, pseudo_seg_loss: 0.4317, attn_loss: 0.2136, pseudo_seg_mAcc: 0.9768
2025-07-14 11:01:23,422 - dist_clip_voc.py - INFO: Validating...
2025-07-14 11:03:48,636 - dist_clip_voc.py - INFO: cams score:
2025-07-14 11:03:48,636 - dist_clip_voc.py - INFO: {'pAcc': 0.9213242112607098, 'mAcc': 0.8947099950382644, 'miou': 0.7550080016424484, 'iou': {0: 0.903424217748411, 1: 0.8943017609611065, 2: 0.48094097902907285, 3: 0.9048280230677173, 4: 0.8065057115783931, 5: 0.5210941648056354, 6: 0.8810529502952109, 7: 0.7185034020659088, 8: 0.954358766929982, 9: 0.5529524795402044, 10: 0.9032387552123856, 11: 0.5846134536630113, 12: 0.9210297704975041, 13: 0.8726005161635484, 14: 0.8279917790077639, 15: 0.6402425786860704, 16: 0.4318834461473881, 17: 0.9290676466887879, 18: 0.7591045676130724, 19: 0.812837830292925, 20: 0.5545952344973185}}
2025-07-14 11:03:48,636 - dist_clip_voc.py - INFO: segs score:
2025-07-14 11:03:48,636 - dist_clip_voc.py - INFO: {'pAcc': 0.9379266571123211, 'mAcc': 0.8890570651189316, 'miou': 0.7804608708643495, 'iou': {0: 0.9243597835836284, 1: 0.8690734260199673, 2: 0.5179697744381707, 3: 0.9093917102679314, 4: 0.8439477614574598, 5: 0.7233807539770954, 6: 0.8752496847716855, 7: 0.6531397762407153, 8: 0.9435605176911763, 9: 0.5821217208687554, 10: 0.8859908972709611, 11: 0.583806986759797, 12: 0.9176825977183999, 13: 0.8385422142237284, 14: 0.8424234470281089, 15: 0.7508952412215921, 16: 0.6088257034303645, 17: 0.9146245225058823, 18: 0.7228384674965287, 19: 0.8396147829519827, 20: 0.6422385182274059}}
2025-07-14 11:04:35,565 - dist_clip_voc.py - INFO: Iter: 18200; Elasped: 1:35:53; ETA: 1:02:09; LR: 7.867e-06;, pseudo_seg_loss: 0.1660, attn_loss: 0.2087, pseudo_seg_mAcc: 0.9878
2025-07-14 11:05:21,669 - dist_clip_voc.py - INFO: Iter: 18400; Elasped: 1:36:39; ETA: 1:00:55; LR: 7.734e-06;, pseudo_seg_loss: 0.1122, attn_loss: 0.2080, pseudo_seg_mAcc: 0.9741
2025-07-14 11:06:15,607 - dist_clip_voc.py - INFO: Iter: 18600; Elasped: 1:37:33; ETA: 0:59:47; LR: 7.601e-06;, pseudo_seg_loss: 0.1230, attn_loss: 0.2084, pseudo_seg_mAcc: 0.9828
2025-07-14 11:07:00,820 - dist_clip_voc.py - INFO: Iter: 18800; Elasped: 1:38:18; ETA: 0:58:33; LR: 7.467e-06;, pseudo_seg_loss: 0.1115, attn_loss: 0.2030, pseudo_seg_mAcc: 0.9801
2025-07-14 11:07:47,315 - dist_clip_voc.py - INFO: Iter: 19000; Elasped: 1:39:05; ETA: 0:57:21; LR: 7.334e-06;, pseudo_seg_loss: 0.0944, attn_loss: 0.2019, pseudo_seg_mAcc: 0.9584
2025-07-14 11:08:33,050 - dist_clip_voc.py - INFO: Iter: 19200; Elasped: 1:39:51; ETA: 0:56:09; LR: 7.201e-06;, pseudo_seg_loss: 0.0938, attn_loss: 0.2030, pseudo_seg_mAcc: 0.9803
2025-07-14 11:09:18,429 - dist_clip_voc.py - INFO: Iter: 19400; Elasped: 1:40:36; ETA: 0:54:58; LR: 7.067e-06;, pseudo_seg_loss: 0.0910, attn_loss: 0.2033, pseudo_seg_mAcc: 0.9814
2025-07-14 11:10:05,179 - dist_clip_voc.py - INFO: Iter: 19600; Elasped: 1:41:23; ETA: 0:53:47; LR: 6.934e-06;, pseudo_seg_loss: 0.0909, attn_loss: 0.2034, pseudo_seg_mAcc: 0.9657
2025-07-14 11:10:51,369 - dist_clip_voc.py - INFO: Iter: 19800; Elasped: 1:42:09; ETA: 0:52:37; LR: 6.801e-06;, pseudo_seg_loss: 0.0816, attn_loss: 0.1970, pseudo_seg_mAcc: 0.9819
2025-07-14 11:11:37,944 - dist_clip_voc.py - INFO: Iter: 20000; Elasped: 1:42:55; ETA: 0:51:27; LR: 6.667e-06;, pseudo_seg_loss: 0.0921, attn_loss: 0.1984, pseudo_seg_mAcc: 0.9802
2025-07-14 11:11:37,945 - dist_clip_voc.py - INFO: Validating...
2025-07-14 11:14:02,930 - dist_clip_voc.py - INFO: cams score:
2025-07-14 11:14:02,930 - dist_clip_voc.py - INFO: {'pAcc': 0.9432805030722222, 'mAcc': 0.888683168624038, 'miou': 0.7907384397080884, 'iou': {0: 0.931502466085096, 1: 0.8909532440083447, 2: 0.5434003254577009, 3: 0.9112137145445515, 4: 0.7910387533021497, 5: 0.6771918962979784, 6: 0.8818573588026355, 7: 0.8184735742898839, 8: 0.9532848280940303, 9: 0.599940138950492, 10: 0.9039393284199444, 11: 0.6075864394103792, 12: 0.9180461895747057, 13: 0.8813960139516118, 14: 0.8369932664220578, 15: 0.7690992373384156, 16: 0.5778503675211124, 17: 0.9338900147935318, 18: 0.755727151441137, 19: 0.8083060577544956, 20: 0.6138168674096032}}
2025-07-14 11:14:02,930 - dist_clip_voc.py - INFO: segs score:
2025-07-14 11:14:02,930 - dist_clip_voc.py - INFO: {'pAcc': 0.9520548562431896, 'mAcc': 0.893448487618881, 'miou': 0.80477486518959, 'iou': {0: 0.9421114666165454, 1: 0.8476063366104508, 2: 0.5399288908168973, 3: 0.888224055565546, 4: 0.8526971657320139, 5: 0.7513902298278285, 6: 0.8748955639921618, 7: 0.8644718435777694, 8: 0.9424771395596591, 9: 0.5936370586599944, 10: 0.8911384624404222, 11: 0.6468459863324217, 12: 0.9164685572001416, 13: 0.8635114022847068, 14: 0.8466225076080715, 15: 0.8586131797407914, 16: 0.6222660562422664, 17: 0.9123901237380327, 18: 0.7365138955408708, 19: 0.8419267147976155, 20: 0.6665355320971836}}
2025-07-14 11:14:49,389 - dist_clip_voc.py - INFO: Iter: 20200; Elasped: 1:46:07; ETA: 0:51:28; LR: 6.534e-06;, pseudo_seg_loss: 0.0951, attn_loss: 0.1992, pseudo_seg_mAcc: 0.9768
2025-07-14 11:15:35,336 - dist_clip_voc.py - INFO: Iter: 20400; Elasped: 1:46:53; ETA: 0:50:17; LR: 6.401e-06;, pseudo_seg_loss: 0.0933, attn_loss: 0.1927, pseudo_seg_mAcc: 0.9820
2025-07-14 11:16:21,491 - dist_clip_voc.py - INFO: Iter: 20600; Elasped: 1:47:39; ETA: 0:49:07; LR: 6.267e-06;, pseudo_seg_loss: 0.0933, attn_loss: 0.1874, pseudo_seg_mAcc: 0.9704
2025-07-14 11:17:07,205 - dist_clip_voc.py - INFO: Iter: 20800; Elasped: 1:48:25; ETA: 0:47:57; LR: 6.134e-06;, pseudo_seg_loss: 0.0794, attn_loss: 0.1915, pseudo_seg_mAcc: 0.9828
2025-07-14 11:17:53,302 - dist_clip_voc.py - INFO: Iter: 21000; Elasped: 1:49:11; ETA: 0:46:47; LR: 6.001e-06;, pseudo_seg_loss: 0.1012, attn_loss: 0.1874, pseudo_seg_mAcc: 0.9693
2025-07-14 11:18:46,314 - dist_clip_voc.py - INFO: Iter: 21200; Elasped: 1:50:04; ETA: 0:45:41; LR: 5.867e-06;, pseudo_seg_loss: 0.0896, attn_loss: 0.1842, pseudo_seg_mAcc: 0.9360
2025-07-14 11:19:32,552 - dist_clip_voc.py - INFO: Iter: 21400; Elasped: 1:50:50; ETA: 0:44:32; LR: 5.734e-06;, pseudo_seg_loss: 0.0912, attn_loss: 0.1862, pseudo_seg_mAcc: 0.9962
2025-07-14 11:20:19,161 - dist_clip_voc.py - INFO: Iter: 21600; Elasped: 1:51:37; ETA: 0:43:24; LR: 5.601e-06;, pseudo_seg_loss: 0.0765, attn_loss: 0.1880, pseudo_seg_mAcc: 0.9647
2025-07-14 11:21:05,425 - dist_clip_voc.py - INFO: Iter: 21800; Elasped: 1:52:23; ETA: 0:42:16; LR: 5.467e-06;, pseudo_seg_loss: 0.0810, attn_loss: 0.1917, pseudo_seg_mAcc: 0.9821
2025-07-14 11:21:51,964 - dist_clip_voc.py - INFO: Iter: 22000; Elasped: 1:53:09; ETA: 0:41:08; LR: 5.334e-06;, pseudo_seg_loss: 0.0874, attn_loss: 0.1935, pseudo_seg_mAcc: 0.9643
2025-07-14 11:21:51,964 - dist_clip_voc.py - INFO: Validating...
2025-07-14 11:24:17,372 - dist_clip_voc.py - INFO: cams score:
2025-07-14 11:24:17,372 - dist_clip_voc.py - INFO: {'pAcc': 0.9449379390177062, 'mAcc': 0.8859996184924028, 'miou': 0.7917353307811562, 'iou': {0: 0.9336271465202433, 1: 0.888055490565778, 2: 0.5415347164423513, 3: 0.9150346767123525, 4: 0.7989497537672731, 5: 0.7268972988363842, 6: 0.8833855948662159, 7: 0.8155764727650514, 8: 0.953669876369426, 9: 0.6086205674233034, 10: 0.9155889230975511, 11: 0.6445167994669494, 12: 0.915806743911684, 13: 0.878757945025716, 14: 0.8337419539283889, 15: 0.7915493159422746, 16: 0.47914744936230547, 17: 0.9345989779650912, 18: 0.717350337923696, 19: 0.8168656064535214, 20: 0.6331662990587249}}
2025-07-14 11:24:17,372 - dist_clip_voc.py - INFO: segs score:
2025-07-14 11:24:17,372 - dist_clip_voc.py - INFO: {'pAcc': 0.9518221772316845, 'mAcc': 0.8956045316767645, 'miou': 0.8055146267000743, 'iou': {0: 0.9412521123748236, 1: 0.853819715027024, 2: 0.5391588356814561, 3: 0.9041507902208734, 4: 0.8462578660195047, 5: 0.7731898288342918, 6: 0.8843379831621905, 7: 0.8673020734732408, 8: 0.9465235453525424, 9: 0.6120186623651178, 10: 0.8892703117751866, 11: 0.6828770143984513, 12: 0.9169735488145245, 13: 0.8490419232447634, 14: 0.848323476629038, 15: 0.8568548000147015, 16: 0.6020508205512622, 17: 0.9163178869787064, 18: 0.6264494876937684, 19: 0.8462208279684621, 20: 0.7134156501216325}}
2025-07-14 11:25:01,979 - dist_clip_voc.py - INFO: Iter: 22200; Elasped: 1:56:19; ETA: 0:40:52; LR: 5.201e-06;, pseudo_seg_loss: 0.0779, attn_loss: 0.1877, pseudo_seg_mAcc: 0.9892
2025-07-14 11:25:48,583 - dist_clip_voc.py - INFO: Iter: 22400; Elasped: 1:57:06; ETA: 0:39:43; LR: 5.067e-06;, pseudo_seg_loss: 0.0897, attn_loss: 0.1950, pseudo_seg_mAcc: 0.9914
2025-07-14 11:26:34,372 - dist_clip_voc.py - INFO: Iter: 22600; Elasped: 1:57:52; ETA: 0:38:35; LR: 4.934e-06;, pseudo_seg_loss: 0.0804, attn_loss: 0.1821, pseudo_seg_mAcc: 0.9643
2025-07-14 11:27:20,202 - dist_clip_voc.py - INFO: Iter: 22800; Elasped: 1:58:38; ETA: 0:37:27; LR: 4.801e-06;, pseudo_seg_loss: 0.0851, attn_loss: 0.1846, pseudo_seg_mAcc: 0.9805
2025-07-14 11:28:07,937 - dist_clip_voc.py - INFO: Iter: 23000; Elasped: 1:59:25; ETA: 0:36:20; LR: 4.667e-06;, pseudo_seg_loss: 0.0877, attn_loss: 0.1905, pseudo_seg_mAcc: 0.9548
2025-07-14 11:28:52,360 - dist_clip_voc.py - INFO: Iter: 23200; Elasped: 2:00:10; ETA: 0:35:13; LR: 4.534e-06;, pseudo_seg_loss: 0.0887, attn_loss: 0.1842, pseudo_seg_mAcc: 0.9861
2025-07-14 11:29:38,074 - dist_clip_voc.py - INFO: Iter: 23400; Elasped: 2:00:56; ETA: 0:34:06; LR: 4.401e-06;, pseudo_seg_loss: 0.0779, attn_loss: 0.1792, pseudo_seg_mAcc: 0.9892
2025-07-14 11:30:24,190 - dist_clip_voc.py - INFO: Iter: 23600; Elasped: 2:01:42; ETA: 0:33:00; LR: 4.267e-06;, pseudo_seg_loss: 0.0839, attn_loss: 0.1866, pseudo_seg_mAcc: 0.9335
2025-07-14 11:31:09,601 - dist_clip_voc.py - INFO: Iter: 23800; Elasped: 2:02:27; ETA: 0:31:53; LR: 4.134e-06;, pseudo_seg_loss: 0.0899, attn_loss: 0.1866, pseudo_seg_mAcc: 0.9305
2025-07-14 11:32:03,394 - dist_clip_voc.py - INFO: Iter: 24000; Elasped: 2:03:21; ETA: 0:30:50; LR: 4.001e-06;, pseudo_seg_loss: 0.0823, attn_loss: 0.1864, pseudo_seg_mAcc: 0.9723
2025-07-14 11:32:03,395 - dist_clip_voc.py - INFO: Validating...
2025-07-14 11:34:28,419 - dist_clip_voc.py - INFO: cams score:
2025-07-14 11:34:28,419 - dist_clip_voc.py - INFO: {'pAcc': 0.9467788493803235, 'mAcc': 0.8874733995374042, 'miou': 0.7936082335702643, 'iou': {0: 0.936128638172035, 1: 0.8884761746685497, 2: 0.5391745663982568, 3: 0.9141456086727866, 4: 0.7986317273909819, 5: 0.6559536364540842, 6: 0.8811102417677702, 7: 0.8093285034054186, 8: 0.9517312661498708, 9: 0.6045401159439305, 10: 0.9117201959208091, 11: 0.6192467563450845, 12: 0.9160161471899794, 13: 0.8771939477524963, 14: 0.8317793644733512, 15: 0.8061185506942, 16: 0.5757206811092209, 17: 0.934536020839561, 18: 0.7903514177030526, 19: 0.8295861811522514, 20: 0.5942831627718634}}
2025-07-14 11:34:28,419 - dist_clip_voc.py - INFO: segs score:
2025-07-14 11:34:28,419 - dist_clip_voc.py - INFO: {'pAcc': 0.9527119666943777, 'mAcc': 0.904801795613133, 'miou': 0.8086713986157873, 'iou': {0: 0.9427616832043105, 1: 0.8479081763763527, 2: 0.5394928178470625, 3: 0.8959142689595108, 4: 0.8256814728725956, 5: 0.7868313139417151, 6: 0.8771831524744652, 7: 0.8698566761168328, 8: 0.9417712119933866, 9: 0.6264936845949212, 10: 0.8848519973459807, 11: 0.6680717142899524, 12: 0.9135521161329205, 13: 0.8508582800434351, 14: 0.8433538400158602, 15: 0.8613177978303563, 16: 0.6421679041723237, 17: 0.9093401691014318, 18: 0.6998986105282847, 19: 0.8505418910574226, 20: 0.7042505920324125}}
2025-07-14 11:35:13,891 - dist_clip_voc.py - INFO: Iter: 24200; Elasped: 2:06:31; ETA: 0:30:19; LR: 3.867e-06;, pseudo_seg_loss: 0.0811, attn_loss: 0.1875, pseudo_seg_mAcc: 0.9710
2025-07-14 11:36:01,239 - dist_clip_voc.py - INFO: Iter: 24400; Elasped: 2:07:19; ETA: 0:29:13; LR: 3.734e-06;, pseudo_seg_loss: 0.0897, attn_loss: 0.1878, pseudo_seg_mAcc: 0.9771
2025-07-14 11:36:46,615 - dist_clip_voc.py - INFO: Iter: 24600; Elasped: 2:08:04; ETA: 0:28:06; LR: 3.601e-06;, pseudo_seg_loss: 0.0700, attn_loss: 0.1795, pseudo_seg_mAcc: 0.9448
2025-07-14 11:37:32,999 - dist_clip_voc.py - INFO: Iter: 24800; Elasped: 2:08:50; ETA: 0:27:00; LR: 3.467e-06;, pseudo_seg_loss: 0.0867, attn_loss: 0.1886, pseudo_seg_mAcc: 0.9913
2025-07-14 11:38:19,576 - dist_clip_voc.py - INFO: Iter: 25000; Elasped: 2:09:37; ETA: 0:25:55; LR: 3.334e-06;, pseudo_seg_loss: 0.0865, attn_loss: 0.1868, pseudo_seg_mAcc: 0.9811
2025-07-14 11:39:04,906 - dist_clip_voc.py - INFO: Iter: 25200; Elasped: 2:10:22; ETA: 0:24:49; LR: 3.201e-06;, pseudo_seg_loss: 0.0792, attn_loss: 0.1862, pseudo_seg_mAcc: 0.9804
2025-07-14 11:39:50,963 - dist_clip_voc.py - INFO: Iter: 25400; Elasped: 2:11:08; ETA: 0:23:44; LR: 3.067e-06;, pseudo_seg_loss: 0.0864, attn_loss: 0.1820, pseudo_seg_mAcc: 0.8633
2025-07-14 11:40:37,855 - dist_clip_voc.py - INFO: Iter: 25600; Elasped: 2:11:55; ETA: 0:22:40; LR: 2.934e-06;, pseudo_seg_loss: 0.0735, attn_loss: 0.1827, pseudo_seg_mAcc: 0.9781
2025-07-14 11:41:23,696 - dist_clip_voc.py - INFO: Iter: 25800; Elasped: 2:12:41; ETA: 0:21:35; LR: 2.801e-06;, pseudo_seg_loss: 0.0789, attn_loss: 0.1834, pseudo_seg_mAcc: 0.9584
2025-07-14 11:42:10,750 - dist_clip_voc.py - INFO: Iter: 26000; Elasped: 2:13:28; ETA: 0:20:32; LR: 2.667e-06;, pseudo_seg_loss: 0.0876, attn_loss: 0.1832, pseudo_seg_mAcc: 0.9798
2025-07-14 11:42:10,751 - dist_clip_voc.py - INFO: Validating...
2025-07-14 11:44:36,169 - dist_clip_voc.py - INFO: cams score:
2025-07-14 11:44:36,169 - dist_clip_voc.py - INFO: {'pAcc': 0.9479400681350434, 'mAcc': 0.8892389006585228, 'miou': 0.7982022381107656, 'iou': {0: 0.9376192633752922, 1: 0.889792900628032, 2: 0.5351721611658616, 3: 0.9147849772787331, 4: 0.8044536658892916, 5: 0.6894787608616084, 6: 0.8795702227584081, 7: 0.8219644140946669, 8: 0.9510540075578744, 9: 0.6035718390707234, 10: 0.9148016509275799, 11: 0.6280891002550568, 12: 0.9180423290606229, 13: 0.8749172924602843, 14: 0.8314853590380186, 15: 0.8038157590046627, 16: 0.6021946950316414, 17: 0.9347540280850397, 18: 0.7695478371921693, 19: 0.8326150874849472, 20: 0.6245216491055654}}
2025-07-14 11:44:36,169 - dist_clip_voc.py - INFO: segs score:
2025-07-14 11:44:36,169 - dist_clip_voc.py - INFO: {'pAcc': 0.953361290817748, 'mAcc': 0.9108492606498495, 'miou': 0.8123182297777799, 'iou': {0: 0.9433413023988262, 1: 0.8483008241131912, 2: 0.5313930796074461, 3: 0.8931413680012013, 4: 0.8463111717280857, 5: 0.799489944412586, 6: 0.8787207638390058, 7: 0.8671703776734762, 8: 0.9409393906111083, 9: 0.6401939352010696, 10: 0.8898177761249535, 11: 0.6878022490631588, 12: 0.9147159520941603, 13: 0.8556294244193772, 14: 0.8457392499870993, 15: 0.8573283866108733, 16: 0.6411950206168094, 17: 0.9083212048188799, 18: 0.7256293261801042, 19: 0.8538063432093252, 20: 0.6896957346226417}}
2025-07-14 11:45:21,345 - dist_clip_voc.py - INFO: Iter: 26200; Elasped: 2:16:39; ETA: 0:19:49; LR: 2.534e-06;, pseudo_seg_loss: 0.0809, attn_loss: 0.1801, pseudo_seg_mAcc: 0.9843
2025-07-14 11:46:08,020 - dist_clip_voc.py - INFO: Iter: 26400; Elasped: 2:17:26; ETA: 0:18:44; LR: 2.401e-06;, pseudo_seg_loss: 0.0781, attn_loss: 0.1861, pseudo_seg_mAcc: 0.9950
2025-07-14 11:47:00,941 - dist_clip_voc.py - INFO: Iter: 26600; Elasped: 2:18:18; ETA: 0:17:40; LR: 2.267e-06;, pseudo_seg_loss: 0.0824, attn_loss: 0.1869, pseudo_seg_mAcc: 0.9796
2025-07-14 11:47:47,016 - dist_clip_voc.py - INFO: Iter: 26800; Elasped: 2:19:05; ETA: 0:16:36; LR: 2.134e-06;, pseudo_seg_loss: 0.0804, attn_loss: 0.1813, pseudo_seg_mAcc: 0.9707
2025-07-14 11:48:33,336 - dist_clip_voc.py - INFO: Iter: 27000; Elasped: 2:19:51; ETA: 0:15:32; LR: 2.001e-06;, pseudo_seg_loss: 0.0815, attn_loss: 0.1777, pseudo_seg_mAcc: 0.9836
2025-07-14 11:49:18,850 - dist_clip_voc.py - INFO: Iter: 27200; Elasped: 2:20:36; ETA: 0:14:28; LR: 1.867e-06;, pseudo_seg_loss: 0.0808, attn_loss: 0.1865, pseudo_seg_mAcc: 0.9657
2025-07-14 11:50:04,901 - dist_clip_voc.py - INFO: Iter: 27400; Elasped: 2:21:22; ETA: 0:13:24; LR: 1.734e-06;, pseudo_seg_loss: 0.0773, attn_loss: 0.1809, pseudo_seg_mAcc: 0.9908
2025-07-14 11:50:50,354 - dist_clip_voc.py - INFO: Iter: 27600; Elasped: 2:22:08; ETA: 0:12:21; LR: 1.601e-06;, pseudo_seg_loss: 0.0774, attn_loss: 0.1812, pseudo_seg_mAcc: 0.9805
2025-07-14 11:51:36,038 - dist_clip_voc.py - INFO: Iter: 27800; Elasped: 2:22:54; ETA: 0:11:18; LR: 1.467e-06;, pseudo_seg_loss: 0.0792, attn_loss: 0.1852, pseudo_seg_mAcc: 0.9318
2025-07-14 11:52:22,334 - dist_clip_voc.py - INFO: Iter: 28000; Elasped: 2:23:40; ETA: 0:10:15; LR: 1.334e-06;, pseudo_seg_loss: 0.0811, attn_loss: 0.1798, pseudo_seg_mAcc: 0.9934
2025-07-14 11:52:22,334 - dist_clip_voc.py - INFO: Validating...
2025-07-14 11:54:54,078 - dist_clip_voc.py - INFO: cams score:
2025-07-14 11:54:54,078 - dist_clip_voc.py - INFO: {'pAcc': 0.9441577908843509, 'mAcc': 0.8803885031107521, 'miou': 0.7858656678096972, 'iou': {0: 0.9328206464970742, 1: 0.8896385814618767, 2: 0.5281701009334915, 3: 0.913078296441386, 4: 0.802444502303127, 5: 0.6350793670617327, 6: 0.8759310217840492, 7: 0.7878952915044947, 8: 0.9490742195094517, 9: 0.5899716893703154, 10: 0.9130766627815167, 11: 0.6071593233890218, 12: 0.9172274042554712, 13: 0.8771746390514867, 14: 0.8290250133548959, 15: 0.8025245021217089, 16: 0.5581910551569591, 17: 0.9354169468988259, 18: 0.7640968105639232, 19: 0.8203936985423729, 20: 0.5747892510204602}}
2025-07-14 11:54:54,078 - dist_clip_voc.py - INFO: segs score:
2025-07-14 11:54:54,078 - dist_clip_voc.py - INFO: {'pAcc': 0.9528524228593752, 'mAcc': 0.9037130613489152, 'miou': 0.8095279884885898, 'iou': {0: 0.9424742677307781, 1: 0.8308945103827529, 2: 0.5362929347948703, 3: 0.8839018258921693, 4: 0.8401050663071615, 5: 0.7937295759082404, 6: 0.8782530941261245, 7: 0.8659850224318597, 8: 0.9394260351182185, 9: 0.6310900705407054, 10: 0.8911426392502303, 11: 0.6850634278475237, 12: 0.9078939412815619, 13: 0.8551177300993658, 14: 0.8437311790185621, 15: 0.8572772365908587, 16: 0.6464842629856326, 17: 0.9126317375036617, 18: 0.7189048548167107, 19: 0.8514220188043679, 20: 0.6882663268290314}}
2025-07-14 11:55:41,125 - dist_clip_voc.py - INFO: Iter: 28200; Elasped: 2:26:59; ETA: 0:09:22; LR: 1.201e-06;, pseudo_seg_loss: 0.0836, attn_loss: 0.1817, pseudo_seg_mAcc: 0.9905
2025-07-14 11:56:27,384 - dist_clip_voc.py - INFO: Iter: 28400; Elasped: 2:27:45; ETA: 0:08:19; LR: 1.067e-06;, pseudo_seg_loss: 0.0812, attn_loss: 0.1786, pseudo_seg_mAcc: 0.9900
2025-07-14 11:57:13,080 - dist_clip_voc.py - INFO: Iter: 28600; Elasped: 2:28:31; ETA: 0:07:16; LR: 9.340e-07;, pseudo_seg_loss: 0.0844, attn_loss: 0.1797, pseudo_seg_mAcc: 0.9829
2025-07-14 11:57:59,849 - dist_clip_voc.py - INFO: Iter: 28800; Elasped: 2:29:17; ETA: 0:06:13; LR: 8.007e-07;, pseudo_seg_loss: 0.0825, attn_loss: 0.1748, pseudo_seg_mAcc: 0.9869
2025-07-14 11:58:46,154 - dist_clip_voc.py - INFO: Iter: 29000; Elasped: 2:30:04; ETA: 0:05:10; LR: 6.673e-07;, pseudo_seg_loss: 0.0941, attn_loss: 0.1820, pseudo_seg_mAcc: 0.9721
2025-07-14 11:59:39,017 - dist_clip_voc.py - INFO: Iter: 29200; Elasped: 2:30:57; ETA: 0:04:08; LR: 5.340e-07;, pseudo_seg_loss: 0.0749, attn_loss: 0.1796, pseudo_seg_mAcc: 0.9954
2025-07-14 12:00:25,523 - dist_clip_voc.py - INFO: Iter: 29400; Elasped: 2:31:43; ETA: 0:03:05; LR: 4.007e-07;, pseudo_seg_loss: 0.0780, attn_loss: 0.1803, pseudo_seg_mAcc: 0.9813
2025-07-14 12:01:11,162 - dist_clip_voc.py - INFO: Iter: 29600; Elasped: 2:32:29; ETA: 0:02:03; LR: 2.673e-07;, pseudo_seg_loss: 0.0721, attn_loss: 0.1869, pseudo_seg_mAcc: 0.9249
2025-07-14 12:01:58,110 - dist_clip_voc.py - INFO: Iter: 29800; Elasped: 2:33:16; ETA: 0:01:01; LR: 1.340e-07;, pseudo_seg_loss: 0.0865, attn_loss: 0.1837, pseudo_seg_mAcc: 0.9531
2025-07-14 12:02:44,549 - dist_clip_voc.py - INFO: Iter: 30000; Elasped: 2:34:02; ETA: 0:00:00; LR: 6.667e-10;, pseudo_seg_loss: 0.0860, attn_loss: 0.1767, pseudo_seg_mAcc: 0.9799
2025-07-14 12:02:44,550 - dist_clip_voc.py - INFO: Validating...
2025-07-14 12:05:18,929 - dist_clip_voc.py - INFO: cams score:
2025-07-14 12:05:18,929 - dist_clip_voc.py - INFO: {'pAcc': 0.9455224455891654, 'mAcc': 0.8812775535881604, 'miou': 0.7905526395337154, 'iou': {0: 0.9345792045095609, 1: 0.8882204084816266, 2: 0.5315545410775724, 3: 0.9125326110595573, 4: 0.8044223632999542, 5: 0.66083596808326, 6: 0.8762342404028333, 7: 0.7839555316182717, 8: 0.9499301688933002, 9: 0.5772126849283873, 10: 0.9127346486420884, 11: 0.6390810875249185, 12: 0.9213602863013874, 13: 0.8771944527602631, 14: 0.8288990668793473, 15: 0.8000514050462495, 16: 0.5888098875089626, 17: 0.9350907632064409, 18: 0.7551020267832625, 19: 0.8226693191975727, 20: 0.6011347640032014}}
2025-07-14 12:05:18,929 - dist_clip_voc.py - INFO: segs score:
2025-07-14 12:05:18,929 - dist_clip_voc.py - INFO: {'pAcc': 0.9534681513157226, 'mAcc': 0.9018194198358981, 'miou': 0.8123608510076697, 'iou': {0: 0.9430749035400423, 1: 0.8426437552777352, 2: 0.5343026048461953, 3: 0.8954108642447671, 4: 0.8465677423415389, 5: 0.8022372347856618, 6: 0.8772140082911827, 7: 0.8682391477696184, 8: 0.9408302550963829, 9: 0.6439244826318512, 10: 0.8959035935003618, 11: 0.6857875983942334, 12: 0.9160626878985425, 13: 0.8562204059717864, 14: 0.846582641358378, 15: 0.8566935709167116, 16: 0.649812480780983, 17: 0.9137665568269325, 18: 0.716305413018244, 19: 0.8520543847475955, 20: 0.675943538922317}}
